// Jest Snapshot v1, https://goo.gl/fbAQLP

exports[`Home component 1`] = `
<DocumentFragment>
  .emotion-0 {
  font-size: 2rem;
  font-weight: normal;
  margin: 0;
}

.emotion-2 {
  margin: 2em 0;
}

.emotion-1 {
  background: none;
  border: 1px solid #eaeaea;
  border-radius: .25rem;
  box-sizing: border-box;
  display: block;
  font-size: 1rem;
  padding: .5rem;
  color: #34495e;
  width: 100%;
}

.emotion-1:focus {
  outline: none;
  border-color: rgba(255,102,0,0.5);
}

.emotion-3 {
  background: none;
  border: 1px solid #eaeaea;
  border-radius: .25rem;
  box-sizing: border-box;
  display: block;
  font-size: 1rem;
  padding: .5rem;
  color: #34495e;
  width: 100%;
}

.emotion-3:focus {
  outline: none;
  border-color: rgba(255,102,0,0.5);
}

.emotion-5 {
  background-color: #f60;
  border: 1px solid #f60;
  border-radius: .25rem;
  color: white;
  cursor: pointer;
  font-size: .8rem;
  padding: .75rem 0;
  -webkit-transition: all 200ms ease;
  transition: all 200ms ease;
  text-align: center;
  text-transform: uppercase;
  width: 100%;
}

.emotion-5:hover {
  background-color: white;
  color: #f60;
}

<form>
    <h2
      class="emotion-0"
    >
      New Discussion
    </h2>
    <div
      class="emotion-2"
    >
      <input
        aria-label="Write the title of the discussion"
        class="emotion-1"
        name="title"
        placeholder="Discussion title"
        required=""
        type="text"
        value=""
      />
    </div>
    <div
      class="emotion-2"
    >
      <textarea
        aria-label="Write the body of the discussion"
        class="emotion-3"
        name="body"
        placeholder="Body title"
        required=""
        rows="4"
      />
    </div>
    <button
      class="emotion-5"
    >
      Create employee
    </button>
  </form>
</DocumentFragment>
`;
